---
source: crates/yakui-widgets/tests/snapshot.rs
expression: view
snapshot_kind: text
---
- ListWidget pos(0, 0) size(1000, 1000)
  - ButtonWidget pos(0, 0) size(1000, 37)
    - RoundRectWidget pos(0, 0) size(1000, 37)
      - PadWidget pos(0, 0) size(1000, 37)
        - AlignWidget pos(20, 10) size(960, 17)
          - RenderTextWidget pos(20, 10) size(960, 17)
