---
source: crates/yakui-widgets/tests/snapshot.rs
assertion_line: 131
expression: view
---
- UnconstrainedBoxWidget pos(0, 0) size(1000, 1000)
  - ListWidget pos(0, 0) size(150, 50)
    - ColoredBoxWidget pos(0, 0) size(50, 50)
    - ColoredBoxWidget pos(50, 0) size(50, 50)
    - ColoredBoxWidget pos(100, 0) size(50, 50)

